18:07:27 **** Incremental Build of configuration Debug for project F446_B3M_test ****
make -j8 all 
arm-none-eabi-gcc "../Core/Src/main.c" -mcpu=cortex-m4 -std=gnu11 -g3 -DDEBUG -DUSE_HAL_DRIVER -DSTM32F446xx -c -I../Core/Inc -I../Drivers/STM32F4xx_HAL_Driver/Inc -I../Drivers/STM32F4xx_HAL_Driver/Inc/Legacy -I../Drivers/CMSIS/Device/ST/STM32F4xx/Include -I../Drivers/CMSIS/Include -O0 -ffunction-sections -fdata-sections -Wall -fstack-usage -MMD -MP -MF"Core/Src/main.d" -MT"Core/Src/main.o" --specs=nano.specs -mfpu=fpv4-sp-d16 -mfloat-abi=hard -mthumb -o "Core/Src/main.o"
../Core/Src/main.c: In function 'main':
../Core/Src/main.c:100:24: warning: character constant too long for its type
  100 |   char PC_txdata[256]={'なんでもい�?からおくって\0'};
      |                        ^~~~~~~~~~~~~~~~~~~~~~~~~~~~~~~~~~~~~~~~
../Core/Src/main.c:100:24: warning: unsigned conversion from 'int' to 'char' changes value from '-478042624' to '0' [-Woverflow]
../Core/Src/main.c:101:9: warning: unused variable 'pos_data' [-Wunused-variable]
  101 |   short pos_data;
      |         ^~~~~~~~
../Core/Src/main.c:100:8: warning: unused variable 'PC_txdata' [-Wunused-variable]
  100 |   char PC_txdata[256]={'なんでもい�?からおくって\0'};
      |        ^~~~~~~~~
../Core/Src/main.c:99:11: warning: unused variable 'aRxBuffer' [-Wunused-variable]
   99 |   uint8_t aRxBuffer[10]={0};
      |           ^~~~~~~~~
../Core/Src/main.c:98:17: warning: unused variable 'rxdata' [-Wunused-variable]
   98 |   unsigned char rxdata[9] = {0};
      |                 ^~~~~~
../Core/Src/main.c:96:8: warning: unused variable 'rxbuf' [-Wunused-variable]
   96 |   char rxbuf[]="waiting\r\n";
      |        ^~~~~
arm-none-eabi-gcc -o "F446_B3M_test.elf" @"objects.list"   -mcpu=cortex-m4 -T"C:\Users\syuug\STM32CubeIDE\workspace_1.7.0\F446_B3M_test\STM32F446RETX_FLASH.ld" --specs=nosys.specs -Wl,-Map="F446_B3M_test.map" -Wl,--gc-sections -static --specs=nano.specs -mfpu=fpv4-sp-d16 -mfloat-abi=hard -mthumb -Wl,--start-group -lc -lm -Wl,--end-group
Finished building target: F446_B3M_test.elf
 
arm-none-eabi-size   F446_B3M_test.elf 
arm-none-eabi-objdump -h -S  F446_B3M_test.elf  > "F446_B3M_test.list"
arm-none-eabi-objcopy  -O binary  F446_B3M_test.elf  "F446_B3M_test.bin"
   text	   data	    bss	    dec	    hex	filename
   9232	     20	   1708	  10960	   2ad0	F446_B3M_test.elf
Finished building: default.size.stdout
 
Finished building: F446_B3M_test.bin
Finished building: F446_B3M_test.list
 
 

18:07:29 Build Finished. 0 errors, 7 warnings. (took 1s.607ms)

