16:49:27 **** Incremental Build of configuration Debug for project f446_spi_test ****
make -j8 all 
arm-none-eabi-gcc "../Core/Src/main.c" -mcpu=cortex-m4 -std=gnu11 -g3 -DDEBUG -DUSE_HAL_DRIVER -DSTM32F446xx -c -I../Drivers/CMSIS/Include -I../Core/Inc -I../Drivers/STM32F4xx_HAL_Driver/Inc -I../Drivers/CMSIS/Device/ST/STM32F4xx/Include -I../Drivers/STM32F4xx_HAL_Driver/Inc/Legacy -O0 -ffunction-sections -fdata-sections -Wall -fstack-usage -MMD -MP -MF"Core/Src/main.d" -MT"Core/Src/main.o" --specs=nano.specs -mfpu=fpv4-sp-d16 -mfloat-abi=hard -mthumb -o "Core/Src/main.o"
../Core/Src/main.c: In function 'main':
../Core/Src/main.c:126:6: warning: implicit declaration of function 'sprintf' [-Wimplicit-function-declaration]
  126 |      sprintf(PC_txdata,"%s",aRxBuffer);
      |      ^~~~~~~
../Core/Src/main.c:126:6: warning: incompatible implicit declaration of built-in function 'sprintf'
../Core/Src/main.c:22:1: note: include '<stdio.h>' or provide a declaration of 'sprintf'
   21 | #include "main.h"
  +++ |+#include <stdio.h>
   22 | 
../Core/Src/main.c:98:11: warning: unused variable 'txdata' [-Wunused-variable]
   98 |   uint8_t txdata[9] = {0};
      |           ^~~~~~
arm-none-eabi-gcc -o "f446_spi_test.elf" @"objects.list"   -mcpu=cortex-m4 -T"C:\Users\syuug\STM32CubeIDE\workspace_1.7.0\f446_spi_test\STM32F446RETX_FLASH.ld" --specs=nosys.specs -Wl,-Map="f446_spi_test.map" -Wl,--gc-sections -static --specs=nano.specs -mfpu=fpv4-sp-d16 -mfloat-abi=hard -mthumb -Wl,--start-group -lc -lm -Wl,--end-group
Finished building target: f446_spi_test.elf
 
arm-none-eabi-size   f446_spi_test.elf 
arm-none-eabi-objdump -h -S  f446_spi_test.elf  > "f446_spi_test.list"
arm-none-eabi-objcopy  -O binary  f446_spi_test.elf  "f446_spi_test.bin"
   text	   data	    bss	    dec	    hex	filename
  12304	    120	   1752	  14176	   3760	f446_spi_test.elf
Finished building: default.size.stdout
 
Finished building: f446_spi_test.bin
 
Finished building: f446_spi_test.list
 

16:49:28 Build Finished. 0 errors, 3 warnings. (took 1s.160ms)

